******************************************************************************
                  TI ARM Linker PC v5.0.4                      
******************************************************************************
>> Linked Tue Mar 31 15:22:04 2015

OUTPUT FILE NAME:   <bike_hud.out>
ENTRY POINT SYMBOL: "_c_int00"  address: 000007f1


MEMORY CONFIGURATION

         name            origin    length      used     unused   attr    fill
----------------------  --------  ---------  --------  --------  ----  --------
  FLASH                 00000000   00100000  00000c9a  000ff366  R  X
  SRAM                  20000000   00040000  00000814  0003f7ec  RW X


SEGMENT ALLOCATION MAP

run origin  load origin   length   init length attrs members
----------  ----------- ---------- ----------- ----- -------
00000000    00000000    00000ca0   00000ca0    r-x
  00000000    00000000    00000200   00000200    r-- .intvecs
  00000200    00000200    0000081e   0000081e    r-x .text
  00000a20    00000a20    0000025c   0000025c    r-- .const
  00000c80    00000c80    00000020   00000020    r-- .cinit
20000000    20000000    00000800   00000000    rw-
  20000000    20000000    00000800   00000000    rw- .stack
20000800    20000800    00000014   00000014    rw-
  20000800    20000800    00000014   00000014    rw- .data


SECTION ALLOCATION MAP

 output                                  attributes/
section   page    origin      length       input sections
--------  ----  ----------  ----------   ----------------
.intvecs   0    00000000    00000200     
                  00000000    00000200     startup_ccs.obj (.intvecs)

.init_array 
*          0    00000000    00000000     UNINITIALIZED

.text      0    00000200    0000081e     
                  00000200    000001fc     driverlib.lib : sysctl.obj (.text:SysCtlClockFreqSet)
                  000003fc    00000130                   : gpio.obj (.text:GPIOPadConfigSet)
                  0000052c    000000a0     main.obj (.text)
                  000005cc    0000009c     rtsv7M4_T_le_v4SPD16_eabi.lib : memcpy_t2.obj (.text)
                  00000668    00000094                                   : auto_init.obj (.text)
                  000006fc    0000005e                                   : copy_decompress_rle.obj (.text)
                  0000075a    00000002     --HOLE-- [fill = 0]
                  0000075c    0000004c     driverlib.lib : sysctl.obj (.text:_SysCtlFrequencyGet)
                  000007a8    00000048                   : gpio.obj (.text:GPIOPinConfigure)
                  000007f0    00000048     rtsv7M4_T_le_v4SPD16_eabi.lib : boot.obj (.text)
                  00000838    00000044                                   : cpy_tbl.obj (.text)
                  0000087c    00000040                                   : exit.obj (.text)
                  000008bc    00000034     driverlib.lib : sysctl.obj (.text:SysCtlPeripheralEnable)
                  000008f0    0000002a                   : gpio.obj (.text:GPIODirModeSet)
                  0000091a    00000022                   : pwm.obj (.text:PWMGenConfigure)
                  0000093c    0000001e                   : pwm.obj (.text:PWMPulseWidthSet)
                  0000095a    00000002     --HOLE-- [fill = 0]
                  0000095c    0000001c                   : sysctl.obj (.text:_SysCtlMemTimingGet)
                  00000978    00000018     rtsv7M4_T_le_v4SPD16_eabi.lib : args_main.obj (.text)
                  00000990    00000014     driverlib.lib : pwm.obj (.text:PWMClockSet)
                  000009a4    00000014     rtsv7M4_T_le_v4SPD16_eabi.lib : _lock.obj (.text)
                  000009b8    00000012     driverlib.lib : gpio.obj (.text:GPIOPinTypePWM)
                  000009ca    00000012                   : pwm.obj (.text:PWMOutputState)
                  000009dc    00000010                   : pwm.obj (.text:PWMGenPeriodSet)
                  000009ec    0000000e     rtsv7M4_T_le_v4SPD16_eabi.lib : copy_decompress_none.obj (.text:decompress:none)
                  000009fa    0000000c     driverlib.lib : pwm.obj (.text:PWMGenEnable)
                  00000a06    0000000c     startup_ccs.obj (.text)
                  00000a12    00000006     driverlib.lib : sysctl.obj (.text:SysCtlDelay)
                  00000a18    00000006     rtsv7M4_T_le_v4SPD16_eabi.lib : copy_decompress_rle.obj (.text:decompress:rle24)

.const     0    00000a20    0000025c     
                  00000a20    00000120     driverlib.lib : sysctl.obj (.const:g_pppui32XTALtoVCO)
                  00000b40    00000090                   : gpio.obj (.const:g_pui32GPIOBaseAddrs)
                  00000bd0    0000006c                   : sysctl.obj (.const:g_pui32Xtals)
                  00000c3c    00000038                   : sysctl.obj (.const:g_sXTALtoMEMTIM)
                  00000c74    00000008                   : sysctl.obj (.const)

.cinit     0    00000c80    00000020     
                  00000c80    0000000f     (.cinit..data.load) [load image, compression = rle]
                  00000c8f    00000001     --HOLE-- [fill = 0]
                  00000c90    00000008     (__TI_handler_table)
                  00000c98    00000008     (__TI_cinit_table)

.stack     0    20000000    00000800     UNINITIALIZED
                  20000000    00000800     --HOLE--

.data      0    20000800    00000014     
                  20000800    00000008     rtsv7M4_T_le_v4SPD16_eabi.lib : _lock.obj (.data)
                  20000808    00000008                                   : exit.obj (.data)
                  20000810    00000004                                   : stkdepth_vars.obj (.data)


LINKER GENERATED COPY TABLES

__TI_cinit_table @ 00000c98 records: 1, size/record: 8, table size: 8
	.data: load addr=00000c80, load size=0000000f bytes, run addr=20000800, run size=00000014 bytes, compression=rle


LINKER GENERATED HANDLER TABLE

__TI_handler_table @ 00000c90 records: 2, size/record: 4, table size: 8
	index: 0, handler: __TI_decompress_rle24
	index: 1, handler: __TI_decompress_none


GLOBAL SYMBOLS: SORTED ALPHABETICALLY BY Name 

address    name
--------   ----
0000087d   C$$EXIT
000008f1   GPIODirModeSet
000003fd   GPIOPadConfigSet
000007a9   GPIOPinConfigure
000009b9   GPIOPinTypePWM
00000991   PWMClockSet
0000091b   PWMGenConfigure
000009fb   PWMGenEnable
000009dd   PWMGenPeriodSet
000009cb   PWMOutputState
0000093d   PWMPulseWidthSet
00000a07   ResetISR
UNDEFED    SHT$$INIT_ARRAY$$Base
UNDEFED    SHT$$INIT_ARRAY$$Limit
00000201   SysCtlClockFreqSet
00000a13   SysCtlDelay
000008bd   SysCtlPeripheralEnable
20000800   __STACK_END
00000800   __STACK_SIZE
20000100   __STACK_TOP
00000c98   __TI_CINIT_Base
00000ca0   __TI_CINIT_Limit
00000c90   __TI_Handler_Table_Base
00000c98   __TI_Handler_Table_Limit
00000001   __TI_args_main
00000669   __TI_auto_init
000009ed   __TI_decompress_none
00000a19   __TI_decompress_rle24
00000000   __TI_static_base__
000005cd   __aeabi_memcpy
000005cd   __aeabi_memcpy4
000005cd   __aeabi_memcpy8
ffffffff   __binit__
ffffffff   __c_args__
20000000   __stack
00000979   _args_main
000007f1   _c_int00
20000808   _cleanup_ptr
2000080c   _dtors_ptr
20000800   _lock
000009b3   _nop
000009ab   _register_lock
000009a5   _register_unlock
20000804   _unlock
00000881   abort
ffffffff   binit
00000839   copy_in
00000889   exit
00000000   g_pfnVectors
0000052d   main
20000810   main_func_sp
000005cd   memcpy


GLOBAL SYMBOLS: SORTED BY Symbol Address 

address    name
--------   ----
00000000   __TI_static_base__
00000000   g_pfnVectors
00000001   __TI_args_main
00000201   SysCtlClockFreqSet
000003fd   GPIOPadConfigSet
0000052d   main
000005cd   __aeabi_memcpy
000005cd   __aeabi_memcpy4
000005cd   __aeabi_memcpy8
000005cd   memcpy
00000669   __TI_auto_init
000007a9   GPIOPinConfigure
000007f1   _c_int00
00000800   __STACK_SIZE
00000839   copy_in
0000087d   C$$EXIT
00000881   abort
00000889   exit
000008bd   SysCtlPeripheralEnable
000008f1   GPIODirModeSet
0000091b   PWMGenConfigure
0000093d   PWMPulseWidthSet
00000979   _args_main
00000991   PWMClockSet
000009a5   _register_unlock
000009ab   _register_lock
000009b3   _nop
000009b9   GPIOPinTypePWM
000009cb   PWMOutputState
000009dd   PWMGenPeriodSet
000009ed   __TI_decompress_none
000009fb   PWMGenEnable
00000a07   ResetISR
00000a13   SysCtlDelay
00000a19   __TI_decompress_rle24
00000c90   __TI_Handler_Table_Base
00000c98   __TI_CINIT_Base
00000c98   __TI_Handler_Table_Limit
00000ca0   __TI_CINIT_Limit
20000000   __stack
20000100   __STACK_TOP
20000800   __STACK_END
20000800   _lock
20000804   _unlock
20000808   _cleanup_ptr
2000080c   _dtors_ptr
20000810   main_func_sp
ffffffff   __binit__
ffffffff   __c_args__
ffffffff   binit
UNDEFED    SHT$$INIT_ARRAY$$Base
UNDEFED    SHT$$INIT_ARRAY$$Limit

[52 symbols]
