******************************************************************************
                  TI ARM Linker PC v5.0.4                      
******************************************************************************
>> Linked Wed Mar 25 12:09:57 2015

OUTPUT FILE NAME:   <bike_hud.out>
ENTRY POINT SYMBOL: "_c_int00"  address: 0000069d


MEMORY CONFIGURATION

         name            origin    length      used     unused   attr    fill
----------------------  --------  ---------  --------  --------  ----  --------
  FLASH                 00000000   00100000  00000970  000ff690  R  X
  SRAM                  20000000   00040000  00000814  0003f7ec  RW X


SEGMENT ALLOCATION MAP

run origin  load origin   length   init length attrs members
----------  ----------- ---------- ----------- ----- -------
00000000    00000000    00000970   00000970    r-x
  00000000    00000000    00000200   00000200    r-- .intvecs
  00000200    00000200    000006c0   000006c0    r-x .text
  000008c0    000008c0    00000090   00000090    r-- .const
  00000950    00000950    00000020   00000020    r-- .cinit
20000000    20000000    00000800   00000000    rw-
  20000000    20000000    00000800   00000000    rw- .stack
20000800    20000800    00000014   00000014    rw-
  20000800    20000800    00000014   00000014    rw- .data


SECTION ALLOCATION MAP

 output                                  attributes/
section   page    origin      length       input sections
--------  ----  ----------  ----------   ----------------
.intvecs   0    00000000    00000200     
                  00000000    00000200     startup_ccs.obj (.intvecs)

.init_array 
*          0    00000000    00000000     UNINITIALIZED

.text      0    00000200    000006c0     
                  00000200    00000130     driverlib.lib : gpio.obj (.text:GPIOPadConfigSet)
                  00000330    00000104                   : sysctl.obj (.text:SysCtlClockSet)
                  00000434    0000009c     rtsv7M4_T_le_v4SPD16_eabi.lib : memcpy_t2.obj (.text)
                  000004d0    00000094                                   : auto_init.obj (.text)
                  00000564    00000090     main.obj (.text)
                  000005f4    0000005e     rtsv7M4_T_le_v4SPD16_eabi.lib : copy_decompress_rle.obj (.text)
                  00000652    00000002     --HOLE-- [fill = 0]
                  00000654    00000048     driverlib.lib : gpio.obj (.text:GPIOPinConfigure)
                  0000069c    00000048     rtsv7M4_T_le_v4SPD16_eabi.lib : boot.obj (.text)
                  000006e4    00000044                                   : cpy_tbl.obj (.text)
                  00000728    00000040                                   : exit.obj (.text)
                  00000768    00000034     driverlib.lib : sysctl.obj (.text:SysCtlPeripheralEnable)
                  0000079c    0000002a                   : gpio.obj (.text:GPIODirModeSet)
                  000007c6    00000022                   : pwm.obj (.text:PWMGenConfigure)
                  000007e8    0000001e                   : pwm.obj (.text:PWMPulseWidthSet)
                  00000806    00000002     --HOLE-- [fill = 0]
                  00000808    00000018     rtsv7M4_T_le_v4SPD16_eabi.lib : args_main.obj (.text)
                  00000820    00000014     driverlib.lib : sysctl.obj (.text:SysCtlPWMClockSet)
                  00000834    00000014     rtsv7M4_T_le_v4SPD16_eabi.lib : _lock.obj (.text)
                  00000848    00000012     driverlib.lib : gpio.obj (.text:GPIOPinTypePWM)
                  0000085a    00000012                   : pwm.obj (.text:PWMGenPeriodGet)
                  0000086c    00000012                   : pwm.obj (.text:PWMOutputState)
                  0000087e    00000010                   : pwm.obj (.text:PWMGenPeriodSet)
                  0000088e    0000000e     rtsv7M4_T_le_v4SPD16_eabi.lib : copy_decompress_none.obj (.text:decompress:none)
                  0000089c    0000000c     driverlib.lib : pwm.obj (.text:PWMGenEnable)
                  000008a8    0000000c     startup_ccs.obj (.text)
                  000008b4    00000006     driverlib.lib : sysctl.obj (.text:SysCtlDelay)
                  000008ba    00000006     rtsv7M4_T_le_v4SPD16_eabi.lib : copy_decompress_rle.obj (.text:decompress:rle24)

.const     0    000008c0    00000090     
                  000008c0    00000090     driverlib.lib : gpio.obj (.const:g_pui32GPIOBaseAddrs)

.cinit     0    00000950    00000020     
                  00000950    0000000f     (.cinit..data.load) [load image, compression = rle]
                  0000095f    00000001     --HOLE-- [fill = 0]
                  00000960    00000008     (__TI_handler_table)
                  00000968    00000008     (__TI_cinit_table)

.stack     0    20000000    00000800     UNINITIALIZED
                  20000000    00000800     --HOLE--

.data      0    20000800    00000014     
                  20000800    00000008     rtsv7M4_T_le_v4SPD16_eabi.lib : _lock.obj (.data)
                  20000808    00000008                                   : exit.obj (.data)
                  20000810    00000004                                   : stkdepth_vars.obj (.data)


LINKER GENERATED COPY TABLES

__TI_cinit_table @ 00000968 records: 1, size/record: 8, table size: 8
	.data: load addr=00000950, load size=0000000f bytes, run addr=20000800, run size=00000014 bytes, compression=rle


LINKER GENERATED HANDLER TABLE

__TI_handler_table @ 00000960 records: 2, size/record: 4, table size: 8
	index: 0, handler: __TI_decompress_rle24
	index: 1, handler: __TI_decompress_none


GLOBAL SYMBOLS: SORTED ALPHABETICALLY BY Name 

address    name
--------   ----
00000729   C$$EXIT
0000079d   GPIODirModeSet
00000201   GPIOPadConfigSet
00000655   GPIOPinConfigure
00000849   GPIOPinTypePWM
000007c7   PWMGenConfigure
0000089d   PWMGenEnable
0000085b   PWMGenPeriodGet
0000087f   PWMGenPeriodSet
0000086d   PWMOutputState
000007e9   PWMPulseWidthSet
000008a9   ResetISR
UNDEFED    SHT$$INIT_ARRAY$$Base
UNDEFED    SHT$$INIT_ARRAY$$Limit
00000331   SysCtlClockSet
000008b5   SysCtlDelay
00000821   SysCtlPWMClockSet
00000769   SysCtlPeripheralEnable
20000800   __STACK_END
00000800   __STACK_SIZE
20000100   __STACK_TOP
00000968   __TI_CINIT_Base
00000970   __TI_CINIT_Limit
00000960   __TI_Handler_Table_Base
00000968   __TI_Handler_Table_Limit
00000001   __TI_args_main
000004d1   __TI_auto_init
0000088f   __TI_decompress_none
000008bb   __TI_decompress_rle24
00000000   __TI_static_base__
00000435   __aeabi_memcpy
00000435   __aeabi_memcpy4
00000435   __aeabi_memcpy8
ffffffff   __binit__
ffffffff   __c_args__
20000000   __stack
00000809   _args_main
0000069d   _c_int00
20000808   _cleanup_ptr
2000080c   _dtors_ptr
20000800   _lock
00000843   _nop
0000083b   _register_lock
00000835   _register_unlock
20000804   _unlock
0000072d   abort
ffffffff   binit
000006e5   copy_in
00000735   exit
00000000   g_pfnVectors
00000565   main
20000810   main_func_sp
00000435   memcpy


GLOBAL SYMBOLS: SORTED BY Symbol Address 

address    name
--------   ----
00000000   __TI_static_base__
00000000   g_pfnVectors
00000001   __TI_args_main
00000201   GPIOPadConfigSet
00000331   SysCtlClockSet
00000435   __aeabi_memcpy
00000435   __aeabi_memcpy4
00000435   __aeabi_memcpy8
00000435   memcpy
000004d1   __TI_auto_init
00000565   main
00000655   GPIOPinConfigure
0000069d   _c_int00
000006e5   copy_in
00000729   C$$EXIT
0000072d   abort
00000735   exit
00000769   SysCtlPeripheralEnable
0000079d   GPIODirModeSet
000007c7   PWMGenConfigure
000007e9   PWMPulseWidthSet
00000800   __STACK_SIZE
00000809   _args_main
00000821   SysCtlPWMClockSet
00000835   _register_unlock
0000083b   _register_lock
00000843   _nop
00000849   GPIOPinTypePWM
0000085b   PWMGenPeriodGet
0000086d   PWMOutputState
0000087f   PWMGenPeriodSet
0000088f   __TI_decompress_none
0000089d   PWMGenEnable
000008a9   ResetISR
000008b5   SysCtlDelay
000008bb   __TI_decompress_rle24
00000960   __TI_Handler_Table_Base
00000968   __TI_CINIT_Base
00000968   __TI_Handler_Table_Limit
00000970   __TI_CINIT_Limit
20000000   __stack
20000100   __STACK_TOP
20000800   __STACK_END
20000800   _lock
20000804   _unlock
20000808   _cleanup_ptr
2000080c   _dtors_ptr
20000810   main_func_sp
ffffffff   __binit__
ffffffff   __c_args__
ffffffff   binit
UNDEFED    SHT$$INIT_ARRAY$$Base
UNDEFED    SHT$$INIT_ARRAY$$Limit

[53 symbols]
