******************************************************************************
                  TI ARM Linker PC v5.0.4                      
******************************************************************************
>> Linked Sat Mar 21 21:35:38 2015

OUTPUT FILE NAME:   <bike-hud.out>
ENTRY POINT SYMBOL: "_c_int00"  address: 0000040d


MEMORY CONFIGURATION

         name            origin    length      used     unused   attr    fill
----------------------  --------  ---------  --------  --------  ----  --------
  FLASH                 00000000   00100000  00000544  000ffabc  R  X
  SRAM                  20000000   00040000  00000814  0003f7ec  RW X


SEGMENT ALLOCATION MAP

run origin  load origin   length   init length attrs members
----------  ----------- ---------- ----------- ----- -------
00000000    00000000    00000548   00000548    r-x
  00000000    00000000    00000200   00000200    r-- .intvecs
  00000200    00000200    00000324   00000324    r-x .text
  00000528    00000528    00000020   00000020    r-- .cinit
20000000    20000000    00000800   00000000    rw-
  20000000    20000000    00000800   00000000    rw- .stack
20000800    20000800    00000014   00000014    rw-
  20000800    20000800    00000014   00000014    rw- .data


SECTION ALLOCATION MAP

 output                                  attributes/
section   page    origin      length       input sections
--------  ----  ----------  ----------   ----------------
.intvecs   0    00000000    00000200     
                  00000000    00000200     startup_ccs.obj (.intvecs)

.init_array 
*          0    00000000    00000000     UNINITIALIZED

.text      0    00000200    00000324     
                  00000200    0000009c     rtsv7M4_T_le_v4SPD16_eabi.lib : memcpy_t2.obj (.text)
                  0000029c    00000094                                   : auto_init.obj (.text)
                  00000330    0000007c     main.obj (.text)
                  000003ac    0000005e     rtsv7M4_T_le_v4SPD16_eabi.lib : copy_decompress_rle.obj (.text)
                  0000040a    00000002     --HOLE-- [fill = 0]
                  0000040c    00000048                                   : boot.obj (.text)
                  00000454    00000044                                   : cpy_tbl.obj (.text)
                  00000498    00000040                                   : exit.obj (.text)
                  000004d8    00000018                                   : args_main.obj (.text)
                  000004f0    00000014                                   : _lock.obj (.text)
                  00000504    0000000e                                   : copy_decompress_none.obj (.text:decompress:none)
                  00000512    0000000c     startup_ccs.obj (.text)
                  0000051e    00000006     rtsv7M4_T_le_v4SPD16_eabi.lib : copy_decompress_rle.obj (.text:decompress:rle24)

.cinit     0    00000528    00000020     
                  00000528    0000000f     (.cinit..data.load) [load image, compression = rle]
                  00000537    00000001     --HOLE-- [fill = 0]
                  00000538    00000008     (__TI_handler_table)
                  00000540    00000008     (__TI_cinit_table)

.stack     0    20000000    00000800     UNINITIALIZED
                  20000000    00000800     --HOLE--

.data      0    20000800    00000014     
                  20000800    00000008     rtsv7M4_T_le_v4SPD16_eabi.lib : _lock.obj (.data)
                  20000808    00000008                                   : exit.obj (.data)
                  20000810    00000004                                   : stkdepth_vars.obj (.data)


LINKER GENERATED COPY TABLES

__TI_cinit_table @ 00000540 records: 1, size/record: 8, table size: 8
	.data: load addr=00000528, load size=0000000f bytes, run addr=20000800, run size=00000014 bytes, compression=rle


LINKER GENERATED HANDLER TABLE

__TI_handler_table @ 00000538 records: 2, size/record: 4, table size: 8
	index: 0, handler: __TI_decompress_rle24
	index: 1, handler: __TI_decompress_none


GLOBAL SYMBOLS: SORTED ALPHABETICALLY BY Name 

address    name
--------   ----
00000499   C$$EXIT
00000513   ResetISR
UNDEFED    SHT$$INIT_ARRAY$$Base
UNDEFED    SHT$$INIT_ARRAY$$Limit
20000800   __STACK_END
00000800   __STACK_SIZE
20000100   __STACK_TOP
00000540   __TI_CINIT_Base
00000548   __TI_CINIT_Limit
00000538   __TI_Handler_Table_Base
00000540   __TI_Handler_Table_Limit
00000001   __TI_args_main
0000029d   __TI_auto_init
00000505   __TI_decompress_none
0000051f   __TI_decompress_rle24
00000000   __TI_static_base__
00000201   __aeabi_memcpy
00000201   __aeabi_memcpy4
00000201   __aeabi_memcpy8
ffffffff   __binit__
ffffffff   __c_args__
20000000   __stack
000004d9   _args_main
0000040d   _c_int00
20000808   _cleanup_ptr
2000080c   _dtors_ptr
20000800   _lock
000004ff   _nop
000004f7   _register_lock
000004f1   _register_unlock
20000804   _unlock
0000049d   abort
ffffffff   binit
00000455   copy_in
000004a5   exit
00000000   g_pfnVectors
00000331   main
20000810   main_func_sp
00000201   memcpy


GLOBAL SYMBOLS: SORTED BY Symbol Address 

address    name
--------   ----
00000000   __TI_static_base__
00000000   g_pfnVectors
00000001   __TI_args_main
00000201   __aeabi_memcpy
00000201   __aeabi_memcpy4
00000201   __aeabi_memcpy8
00000201   memcpy
0000029d   __TI_auto_init
00000331   main
0000040d   _c_int00
00000455   copy_in
00000499   C$$EXIT
0000049d   abort
000004a5   exit
000004d9   _args_main
000004f1   _register_unlock
000004f7   _register_lock
000004ff   _nop
00000505   __TI_decompress_none
00000513   ResetISR
0000051f   __TI_decompress_rle24
00000538   __TI_Handler_Table_Base
00000540   __TI_CINIT_Base
00000540   __TI_Handler_Table_Limit
00000548   __TI_CINIT_Limit
00000800   __STACK_SIZE
20000000   __stack
20000100   __STACK_TOP
20000800   __STACK_END
20000800   _lock
20000804   _unlock
20000808   _cleanup_ptr
2000080c   _dtors_ptr
20000810   main_func_sp
ffffffff   __binit__
ffffffff   __c_args__
ffffffff   binit
UNDEFED    SHT$$INIT_ARRAY$$Base
UNDEFED    SHT$$INIT_ARRAY$$Limit

[39 symbols]
