******************************************************************************
                  TI ARM Linker PC v5.0.4                      
******************************************************************************
>> Linked Sat Mar 21 21:12:05 2015

OUTPUT FILE NAME:   <bike-hud.out>
ENTRY POINT SYMBOL: "_c_int00"  address: 0000020d


MEMORY CONFIGURATION

         name            origin    length      used     unused   attr    fill
----------------------  --------  ---------  --------  --------  ----  --------
  FLASH                 00000000   00100000  00000338  000ffcc8  R  X
  SRAM                  20000000   00040000  00000214  0003fdec  RW X


SEGMENT ALLOCATION MAP

run origin  load origin   length   init length attrs members
----------  ----------- ---------- ----------- ----- -------
00000000    00000000    00000338   00000338    r-x
  00000000    00000000    00000318   00000318    r-x .text
  00000318    00000318    00000020   00000020    r-- .cinit
20000000    20000000    00000200   00000000    rw-
  20000000    20000000    00000200   00000000    rw- .stack
20000200    20000200    00000014   00000014    rw-
  20000200    20000200    00000014   00000014    rw- .data


SECTION ALLOCATION MAP

 output                                  attributes/
section   page    origin      length       input sections
--------  ----  ----------  ----------   ----------------
.text      0    00000000    00000318     
                  00000000    0000009c     rtsv7M4_T_le_v4SPD16_eabi.lib : memcpy_t2.obj (.text)
                  0000009c    00000094                                   : auto_init.obj (.text)
                  00000130    0000007c     main.obj (.text)
                  000001ac    0000005e     rtsv7M4_T_le_v4SPD16_eabi.lib : copy_decompress_rle.obj (.text)
                  0000020a    00000002     --HOLE-- [fill = 0]
                  0000020c    00000048                                   : boot.obj (.text)
                  00000254    00000044                                   : cpy_tbl.obj (.text)
                  00000298    00000040                                   : exit.obj (.text)
                  000002d8    00000018                                   : args_main.obj (.text)
                  000002f0    00000014                                   : _lock.obj (.text)
                  00000304    0000000e                                   : copy_decompress_none.obj (.text:decompress:none)
                  00000312    00000006                                   : copy_decompress_rle.obj (.text:decompress:rle24)

.init_array 
*          0    00000000    00000000     UNINITIALIZED

.cinit     0    00000318    00000020     
                  00000318    0000000f     (.cinit..data.load) [load image, compression = rle]
                  00000327    00000001     --HOLE-- [fill = 0]
                  00000328    00000008     (__TI_handler_table)
                  00000330    00000008     (__TI_cinit_table)

.stack     0    20000000    00000200     UNINITIALIZED
                  20000000    00000200     --HOLE--

.data      0    20000200    00000014     
                  20000200    00000008     rtsv7M4_T_le_v4SPD16_eabi.lib : _lock.obj (.data)
                  20000208    00000008                                   : exit.obj (.data)
                  20000210    00000004                                   : stkdepth_vars.obj (.data)


LINKER GENERATED COPY TABLES

__TI_cinit_table @ 00000330 records: 1, size/record: 8, table size: 8
	.data: load addr=00000318, load size=0000000f bytes, run addr=20000200, run size=00000014 bytes, compression=rle


LINKER GENERATED HANDLER TABLE

__TI_handler_table @ 00000328 records: 2, size/record: 4, table size: 8
	index: 0, handler: __TI_decompress_rle24
	index: 1, handler: __TI_decompress_none


GLOBAL SYMBOLS: SORTED ALPHABETICALLY BY Name 

address    name
--------   ----
00000299   C$$EXIT
UNDEFED    SHT$$INIT_ARRAY$$Base
UNDEFED    SHT$$INIT_ARRAY$$Limit
20000200   __STACK_END
00000200   __STACK_SIZE
20000200   __STACK_TOP
00000330   __TI_CINIT_Base
00000338   __TI_CINIT_Limit
00000328   __TI_Handler_Table_Base
00000330   __TI_Handler_Table_Limit
00000001   __TI_args_main
0000009d   __TI_auto_init
00000305   __TI_decompress_none
00000313   __TI_decompress_rle24
00000000   __TI_static_base__
00000001   __aeabi_memcpy
00000001   __aeabi_memcpy4
00000001   __aeabi_memcpy8
ffffffff   __binit__
ffffffff   __c_args__
20000000   __stack
000002d9   _args_main
0000020d   _c_int00
20000208   _cleanup_ptr
2000020c   _dtors_ptr
20000200   _lock
000002ff   _nop
000002f7   _register_lock
000002f1   _register_unlock
20000204   _unlock
0000029d   abort
ffffffff   binit
00000255   copy_in
000002a5   exit
00000131   main
20000210   main_func_sp
00000001   memcpy


GLOBAL SYMBOLS: SORTED BY Symbol Address 

address    name
--------   ----
00000000   __TI_static_base__
00000001   __TI_args_main
00000001   __aeabi_memcpy
00000001   __aeabi_memcpy4
00000001   __aeabi_memcpy8
00000001   memcpy
0000009d   __TI_auto_init
00000131   main
00000200   __STACK_SIZE
0000020d   _c_int00
00000255   copy_in
00000299   C$$EXIT
0000029d   abort
000002a5   exit
000002d9   _args_main
000002f1   _register_unlock
000002f7   _register_lock
000002ff   _nop
00000305   __TI_decompress_none
00000313   __TI_decompress_rle24
00000328   __TI_Handler_Table_Base
00000330   __TI_CINIT_Base
00000330   __TI_Handler_Table_Limit
00000338   __TI_CINIT_Limit
20000000   __stack
20000200   __STACK_END
20000200   __STACK_TOP
20000200   _lock
20000204   _unlock
20000208   _cleanup_ptr
2000020c   _dtors_ptr
20000210   main_func_sp
ffffffff   __binit__
ffffffff   __c_args__
ffffffff   binit
UNDEFED    SHT$$INIT_ARRAY$$Base
UNDEFED    SHT$$INIT_ARRAY$$Limit

[37 symbols]
